C:\Users\leeba\src\prodictyapp\src\main\java\sg\edu\iss\prodicty\modelSupport\PasswordResetHandler.java
C:\Users\leeba\src\prodictyapp\src\main\java\sg\edu\iss\prodicty\ServiceExternalAPI\NewsRequestService.java
C:\Users\leeba\src\prodictyapp\src\main\java\sg\edu\iss\prodicty\validator\PasswordResetHandlerValidator.java
C:\Users\leeba\src\prodictyapp\src\main\java\sg\edu\iss\prodicty\repo\UpdateRecordRepository.java
C:\Users\leeba\src\prodictyapp\src\main\java\sg\edu\iss\prodicty\repo\ResetRequestRepository.java
C:\Users\leeba\src\prodictyapp\src\main\java\sg\edu\iss\prodicty\controller\HomeController.java
C:\Users\leeba\src\prodictyapp\src\main\java\sg\edu\iss\prodicty\service\AutenticationService.java
C:\Users\leeba\src\prodictyapp\src\main\java\sg\edu\iss\prodicty\modelSupport\PasswordHandler.java
C:\Users\leeba\src\prodictyapp\src\main\java\sg\edu\iss\prodicty\modelSupport\CalculatedBudgetData.java
C:\Users\leeba\src\prodictyapp\src\main\java\sg\edu\iss\prodicty\service\NewsService.java
C:\Users\leeba\src\prodictyapp\src\main\java\sg\edu\iss\prodicty\config\Security\AuthResponse.java
C:\Users\leeba\src\prodictyapp\src\main\java\sg\edu\iss\prodicty\util\MenuNavBarUtil.java
C:\Users\leeba\src\prodictyapp\src\main\java\sg\edu\iss\prodicty\validator\BudgetCalSettingValidator.java
C:\Users\leeba\src\prodictyapp\src\main\java\sg\edu\iss\prodicty\controllerAPI\PriceTrendAPIController.java
C:\Users\leeba\src\prodictyapp\src\main\java\sg\edu\iss\prodicty\service\UserServiceImpl.java
C:\Users\leeba\src\prodictyapp\src\main\java\sg\edu\iss\prodicty\service\TownService.java
C:\Users\leeba\src\prodictyapp\src\main\java\sg\edu\iss\prodicty\controllerAPI\PropertyFavouriteAPIController.java
C:\Users\leeba\src\prodictyapp\src\main\java\sg\edu\iss\prodicty\ServiceExternalAPI\PropertyPriceService.java
C:\Users\leeba\src\prodictyapp\src\main\java\sg\edu\iss\prodicty\repo\RoleRepository.java
C:\Users\leeba\src\prodictyapp\src\main\java\sg\edu\iss\prodicty\repo\UserRepository.java
C:\Users\leeba\src\prodictyapp\src\main\java\sg\edu\iss\prodicty\controllerAPI\PropertyAPIController.java
C:\Users\leeba\src\prodictyapp\src\main\java\sg\edu\iss\prodicty\repo\VisitorRepo.java
C:\Users\leeba\src\prodictyapp\src\main\java\sg\edu\iss\prodicty\modelSupport\GeoCoordinate.java
C:\Users\leeba\src\prodictyapp\src\main\java\sg\edu\iss\prodicty\exception\StoreyUnitMismatchException.java
C:\Users\leeba\src\prodictyapp\src\main\java\sg\edu\iss\prodicty\service\MonitorItemService.java
C:\Users\leeba\src\prodictyapp\src\main\java\sg\edu\iss\prodicty\config\Security\AuthRequest.java
C:\Users\leeba\src\prodictyapp\src\main\java\sg\edu\iss\prodicty\controller\PropertyController.java
C:\Users\leeba\src\prodictyapp\src\main\java\sg\edu\iss\prodicty\serviceSupport\EmailService.java
C:\Users\leeba\src\prodictyapp\src\main\java\sg\edu\iss\prodicty\model\PropertyTracker.java
C:\Users\leeba\src\prodictyapp\src\main\java\sg\edu\iss\prodicty\config\MvcConfig.java
C:\Users\leeba\src\prodictyapp\src\main\java\sg\edu\iss\prodicty\repo\PropertyTrackerRepository.java
C:\Users\leeba\src\prodictyapp\src\main\java\sg\edu\iss\prodicty\service\CustomerServiceImpl.java
C:\Users\leeba\src\prodictyapp\src\main\java\sg\edu\iss\prodicty\serviceSupport\PriceTrendUpdateService.java
C:\Users\leeba\src\prodictyapp\src\main\java\sg\edu\iss\prodicty\model\Town.java
C:\Users\leeba\src\prodictyapp\src\main\java\sg\edu\iss\prodicty\repo\NewsRepository.java
C:\Users\leeba\src\prodictyapp\src\main\java\sg\edu\iss\prodicty\service\RequestServiceImpl.java
C:\Users\leeba\src\prodictyapp\src\main\java\sg\edu\iss\prodicty\modelSupport\MailToData.java
C:\Users\leeba\src\prodictyapp\src\main\java\sg\edu\iss\prodicty\exception\UnitInvalidFormatException.java
C:\Users\leeba\src\prodictyapp\src\main\java\sg\edu\iss\prodicty\util\InformationStorageUtil.java
C:\Users\leeba\src\prodictyapp\src\main\java\sg\edu\iss\prodicty\controller\CustomerAccountController.java
C:\Users\leeba\src\prodictyapp\src\main\java\sg\edu\iss\prodicty\util\PropertyDataConverter.java
C:\Users\leeba\src\prodictyapp\src\main\java\sg\edu\iss\prodicty\validator\BudgetCalValidator.java
C:\Users\leeba\src\prodictyapp\src\main\java\sg\edu\iss\prodicty\model\User.java
C:\Users\leeba\src\prodictyapp\src\main\java\sg\edu\iss\prodicty\controller\RegisterController.java
C:\Users\leeba\src\prodictyapp\src\main\java\sg\edu\iss\prodicty\util\MonthlyRepaymentCalculator.java
C:\Users\leeba\src\prodictyapp\src\main\java\sg\edu\iss\prodicty\helper\MyUserDetails.java
C:\Users\leeba\src\prodictyapp\src\main\java\sg\edu\iss\prodicty\model\PropertyImage.java
C:\Users\leeba\src\prodictyapp\src\main\java\sg\edu\iss\prodicty\model\Role.java
C:\Users\leeba\src\prodictyapp\src\main\java\sg\edu\iss\prodicty\config\Security\SimpleAuthenticationSuccessHandler.java
C:\Users\leeba\src\prodictyapp\src\main\java\sg\edu\iss\prodicty\ServiceExternalAPI\PropertyPriceServiceImpl.java
C:\Users\leeba\src\prodictyapp\src\main\java\sg\edu\iss\prodicty\controller\AdminAccountController.java
C:\Users\leeba\src\prodictyapp\src\main\java\sg\edu\iss\prodicty\model\MonitorItem.java
C:\Users\leeba\src\prodictyapp\src\main\java\sg\edu\iss\prodicty\validator\CustomerRegistrationValidator.java
C:\Users\leeba\src\prodictyapp\src\main\java\sg\edu\iss\prodicty\controllerAPI\AuthApi.java
C:\Users\leeba\src\prodictyapp\src\main\java\sg\edu\iss\prodicty\controller\AdminSettingController.java
C:\Users\leeba\src\prodictyapp\src\main\java\sg\edu\iss\prodicty\model\Customer.java
C:\Users\leeba\src\prodictyapp\src\main\java\sg\edu\iss\prodicty\model\ResetRequest.java
C:\Users\leeba\src\prodictyapp\src\main\java\sg\edu\iss\prodicty\util\BudgetDefaultGenerator.java
C:\Users\leeba\src\prodictyapp\src\main\java\sg\edu\iss\prodicty\serviceSupport\EmailConstructorAndSendingServiceImpl.java
C:\Users\leeba\src\prodictyapp\src\main\java\sg\edu\iss\prodicty\service\TownServiceImpl.java
C:\Users\leeba\src\prodictyapp\src\main\java\sg\edu\iss\prodicty\util\PagingGeneratorUtil.java
C:\Users\leeba\src\prodictyapp\src\main\java\sg\edu\iss\prodicty\service\PropertyServiceImpl.java
C:\Users\leeba\src\prodictyapp\src\main\java\sg\edu\iss\prodicty\repo\EmailPriceUpdateRepository.java
C:\Users\leeba\src\prodictyapp\src\main\java\sg\edu\iss\prodicty\model\News.java
C:\Users\leeba\src\prodictyapp\src\main\java\sg\edu\iss\prodicty\controllerAPI\FlatTypeAPIController.java
C:\Users\leeba\src\prodictyapp\src\main\java\sg\edu\iss\prodicty\modelSupport\CustomerEdit.java
C:\Users\leeba\src\prodictyapp\src\main\java\sg\edu\iss\prodicty\validator\PropertyFormValidator.java
C:\Users\leeba\src\prodictyapp\src\main\java\sg\edu\iss\prodicty\modelSupport\CustomerRegistration.java
C:\Users\leeba\src\prodictyapp\src\main\java\sg\edu\iss\prodicty\modelSupport\PropertyData.java
C:\Users\leeba\src\prodictyapp\src\main\java\sg\edu\iss\prodicty\ServiceExternalAPI\NewsRequestServiceImpl.java
C:\Users\leeba\src\prodictyapp\src\main\java\sg\edu\iss\prodicty\controller\PricePredictController.java
C:\Users\leeba\src\prodictyapp\src\main\java\sg\edu\iss\prodicty\modelSupport\PriceTrendData.java
C:\Users\leeba\src\prodictyapp\src\main\java\sg\edu\iss\prodicty\repo\MonitorItemRepository.java
C:\Users\leeba\src\prodictyapp\src\main\java\sg\edu\iss\prodicty\service\PropertyTrackerService.java
C:\Users\leeba\src\prodictyapp\src\main\java\sg\edu\iss\prodicty\model\UpdateRecord.java
C:\Users\leeba\src\prodictyapp\src\main\java\sg\edu\iss\prodicty\repo\PlanningAreaRepository.java
C:\Users\leeba\src\prodictyapp\src\main\java\sg\edu\iss\prodicty\service\ResetPWRequestServiceImpl.java
C:\Users\leeba\src\prodictyapp\src\main\java\sg\edu\iss\prodicty\repo\PropertyImageRepository.java
C:\Users\leeba\src\prodictyapp\src\main\java\sg\edu\iss\prodicty\modelSupport\Repayment.java
C:\Users\leeba\src\prodictyapp\src\main\java\sg\edu\iss\prodicty\service\PropertyImageServiceImpl.java
C:\Users\leeba\src\prodictyapp\src\main\java\sg\edu\iss\prodicty\service\CustomerService.java
C:\Users\leeba\src\prodictyapp\src\main\java\sg\edu\iss\prodicty\controller\LoginController.java
C:\Users\leeba\src\prodictyapp\src\main\java\sg\edu\iss\prodicty\service\FlatTypeService.java
C:\Users\leeba\src\prodictyapp\src\main\java\sg\edu\iss\prodicty\validator\CustomerEditValidator.java
C:\Users\leeba\src\prodictyapp\src\main\java\sg\edu\iss\prodicty\service\PropertyImageService.java
C:\Users\leeba\src\prodictyapp\src\main\java\sg\edu\iss\prodicty\controller\UserResourceRestController.java
C:\Users\leeba\src\prodictyapp\src\main\java\sg\edu\iss\prodicty\service\MonitorItemServiceImpl.java
C:\Users\leeba\src\prodictyapp\src\main\java\sg\edu\iss\prodicty\serviceSupport\EmailServiceImpl.java
C:\Users\leeba\src\prodictyapp\src\main\java\sg\edu\iss\prodicty\controller\BudgetController.java
C:\Users\leeba\src\prodictyapp\src\main\java\sg\edu\iss\prodicty\modelSupport\PredictPrice.java
C:\Users\leeba\src\prodictyapp\src\main\java\sg\edu\iss\prodicty\controller\ViewPropertyController.java
C:\Users\leeba\src\prodictyapp\src\main\java\sg\edu\iss\prodicty\model\PlanningArea.java
C:\Users\leeba\src\prodictyapp\src\main\java\sg\edu\iss\prodicty\modelSupport\NewsHolder.java
C:\Users\leeba\src\prodictyapp\src\main\java\sg\edu\iss\prodicty\scheduler\AppStartUpInitializer.java
C:\Users\leeba\src\prodictyapp\src\main\java\sg\edu\iss\prodicty\serviceSupport\EmailConstructorAndSendingService.java
C:\Users\leeba\src\prodictyapp\src\main\java\sg\edu\iss\prodicty\serviceSupport\PriceTrendUpdateServiceImpl.java
C:\Users\leeba\src\prodictyapp\src\main\java\sg\edu\iss\prodicty\service\PropertyService.java
C:\Users\leeba\src\prodictyapp\src\main\java\sg\edu\iss\prodicty\DemoApplication.java
C:\Users\leeba\src\prodictyapp\src\main\java\sg\edu\iss\prodicty\service\FlatTypeServiceImpl.java
C:\Users\leeba\src\prodictyapp\src\main\java\sg\edu\iss\prodicty\validator\PasswordHandlerValidator.java
C:\Users\leeba\src\prodictyapp\src\main\java\sg\edu\iss\prodicty\controllerAPI\NewsAPIController.java
C:\Users\leeba\src\prodictyapp\src\main\java\sg\edu\iss\prodicty\modelSupport\FBShareData.java
C:\Users\leeba\src\prodictyapp\src\main\java\sg\edu\iss\prodicty\serviceSupport\PropertyValidationService.java
C:\Users\leeba\src\prodictyapp\src\main\java\sg\edu\iss\prodicty\exception\CustomerEmailExistException.java
C:\Users\leeba\src\prodictyapp\src\main\java\sg\edu\iss\prodicty\controllerAPI\PropertyImagesAPIController.java
C:\Users\leeba\src\prodictyapp\src\main\java\sg\edu\iss\prodicty\service\ResetPWRequestService.java
C:\Users\leeba\src\prodictyapp\src\main\java\sg\edu\iss\prodicty\config\Security\JwtTokenUtil.java
C:\Users\leeba\src\prodictyapp\src\main\java\sg\edu\iss\prodicty\config\Security\WebSecurityConfig.java
C:\Users\leeba\src\prodictyapp\src\main\java\sg\edu\iss\prodicty\serviceSupport\PropertyValidationServiceImpl.java
C:\Users\leeba\src\prodictyapp\src\main\java\sg\edu\iss\prodicty\repo\CustomerRepository.java
C:\Users\leeba\src\prodictyapp\src\main\java\sg\edu\iss\prodicty\config\WebConfig.java
C:\Users\leeba\src\prodictyapp\src\main\java\sg\edu\iss\prodicty\serviceSupport\QRCodeServiceImpl.java
C:\Users\leeba\src\prodictyapp\src\main\java\sg\edu\iss\prodicty\ServiceExternalAPI\OneMapAPIService.java
C:\Users\leeba\src\prodictyapp\src\main\java\sg\edu\iss\prodicty\config\Interceptor\GeneralPurposeInterceptor.java
C:\Users\leeba\src\prodictyapp\src\main\java\sg\edu\iss\prodicty\model\FlatModel.java
C:\Users\leeba\src\prodictyapp\src\main\java\sg\edu\iss\prodicty\modelSupport\PredictPriceDataSplit.java
C:\Users\leeba\src\prodictyapp\src\main\java\sg\edu\iss\prodicty\serviceSupport\BudgetCalServiceImpl.java
C:\Users\leeba\src\prodictyapp\src\main\java\sg\edu\iss\prodicty\model\FlatType.java
C:\Users\leeba\src\prodictyapp\src\main\java\sg\edu\iss\prodicty\controller\NewsController.java
C:\Users\leeba\src\prodictyapp\src\main\java\sg\edu\iss\prodicty\repo\TownRepository.java
C:\Users\leeba\src\prodictyapp\src\main\java\sg\edu\iss\prodicty\service\AutenticationServiceImpl.java
C:\Users\leeba\src\prodictyapp\src\main\java\sg\edu\iss\prodicty\util\FileUploadUtil.java
C:\Users\leeba\src\prodictyapp\src\main\java\sg\edu\iss\prodicty\controllerAPI\SearchAPIController.java
C:\Users\leeba\src\prodictyapp\src\main\java\sg\edu\iss\prodicty\repo\PropertyRepository.java
C:\Users\leeba\src\prodictyapp\src\main\java\sg\edu\iss\prodicty\model\Administrator.java
C:\Users\leeba\src\prodictyapp\src\main\java\sg\edu\iss\prodicty\model\EmailPriceUpdate.java
C:\Users\leeba\src\prodictyapp\src\main\java\sg\edu\iss\prodicty\model\Property.java
C:\Users\leeba\src\prodictyapp\src\main\java\sg\edu\iss\prodicty\modelSupport\OneMapTokenRequest.java
C:\Users\leeba\src\prodictyapp\src\main\java\sg\edu\iss\prodicty\scheduler\ScheduledTasks.java
C:\Users\leeba\src\prodictyapp\src\main\java\sg\edu\iss\prodicty\service\PropertyTrackerServiceImpl.java
C:\Users\leeba\src\prodictyapp\src\main\java\sg\edu\iss\prodicty\exception\FailToUpdateException.java
C:\Users\leeba\src\prodictyapp\src\main\java\sg\edu\iss\prodicty\service\NewsServiceImpl.java
C:\Users\leeba\src\prodictyapp\src\main\java\sg\edu\iss\prodicty\service\RequestService.java
C:\Users\leeba\src\prodictyapp\src\main\java\sg\edu\iss\prodicty\repo\FlatTypeRepository.java
C:\Users\leeba\src\prodictyapp\src\main\java\sg\edu\iss\prodicty\service\UserDetailServiceImpl.java
C:\Users\leeba\src\prodictyapp\src\main\java\sg\edu\iss\prodicty\modelSupport\BudgetCal.java
C:\Users\leeba\src\prodictyapp\src\main\java\sg\edu\iss\prodicty\util\DateGeneratorUtil.java
C:\Users\leeba\src\prodictyapp\src\main\java\sg\edu\iss\prodicty\model\Visitor.java
C:\Users\leeba\src\prodictyapp\src\main\java\sg\edu\iss\prodicty\serviceSupport\BudgetCalService.java
C:\Users\leeba\src\prodictyapp\src\main\java\sg\edu\iss\prodicty\serviceSupport\QRCodeService.java
C:\Users\leeba\src\prodictyapp\src\main\java\sg\edu\iss\prodicty\config\Security\JwtTokenFilter.java
C:\Users\leeba\src\prodictyapp\src\main\java\sg\edu\iss\prodicty\service\UserService.java
C:\Users\leeba\src\prodictyapp\src\main\java\sg\edu\iss\prodicty\modelSupport\BudgetCalSetting.java
C:\Users\leeba\src\prodictyapp\src\main\java\sg\edu\iss\prodicty\controllerAPI\PropertyModelingAPIController.java
C:\Users\leeba\src\prodictyapp\src\main\java\sg\edu\iss\prodicty\controllerAPI\TownAPIController.java
C:\Users\leeba\src\prodictyapp\src\main\java\sg\edu\iss\prodicty\ServiceExternalAPI\OneMapAPIServiceImpl.java
